{
  "default" : {
    "impl" : [
      {
        "interface" : "my.object.MyClass",
        "implementation" : "my.object.MyClassImpl"
      }
    ]
  }
}
